%!Adobe-FontList 1.23
%Locale:0x80a

%BeginFont
Handler:DirectoryHandler
FontType:Invalid
OutlineFileName:C:\Users\Lenovo\Desktop\Cuervo\Experiencias\Licor 43\Font\TiemposText-Bold.eot
FileModTime:1680140173
%EndFont

%BeginFont
Handler:DirectoryHandler
FontType:TrueType
FontName:TiemposText-Bold
FamilyName:Tiempos Text
StyleName:Bold
FullName:TiemposText-Bold
MenuName:Copyright Klim Type Foundry
StyleBits:2
WritingScript:Roman
OutlineFileName:C:\Users\Lenovo\Desktop\Cuervo\Experiencias\Licor 43\Font\TiemposText-Bold.ttf
DataFormat:sfntData
hasSVG:no
VariableFontType:NonVariableFont
FileLength:148816
FileModTime:1680140173
WeightClass:700
WidthClass:5
AngleClass:0
NameArray:0,Mac,18,Tiempos Text Bold
NameArray:0,Mac,4,TiemposText-Bold
NameArray:0,Win,1,Copyright Klim Type Foundry
NameArray:0,Win,16,Tiempos Text
%EndFont

%BeginFont
Handler:DirectoryHandler
FontType:Invalid
OutlineFileName:C:\Users\Lenovo\Desktop\Cuervo\Experiencias\Licor 43\Font\TiemposText-Bold.woff
FileModTime:1680140173
%EndFont

%BeginFont
Handler:DirectoryHandler
FontType:Invalid
OutlineFileName:C:\Users\Lenovo\Desktop\Cuervo\Experiencias\Licor 43\Font\TiemposText-Bold.woff2
FileModTime:1680140174
%EndFont

%BeginFont
Handler:DirectoryHandler
FontType:Invalid
OutlineFileName:C:\Users\Lenovo\Desktop\Cuervo\Experiencias\Licor 43\Font\TiemposText-Regular.eot
FileModTime:1680140173
%EndFont

%BeginFont
Handler:DirectoryHandler
FontType:TrueType
FontName:TiemposText-Regular
FamilyName:Tiempos Text
StyleName:Not Licensed for Desktop Use
FullName:Tiempos Text Regular
MenuName:Copyright Klim Type Foundry
StyleBits:0
WritingScript:Roman
OutlineFileName:C:\Users\Lenovo\Desktop\Cuervo\Experiencias\Licor 43\Font\TiemposText-Regular.ttf
DataFormat:sfntData
hasSVG:no
VariableFontType:NonVariableFont
FileLength:168124
FileModTime:1680140173
WeightClass:400
WidthClass:5
AngleClass:0
NameArray:0,Mac,4,Tiempos Text Regular
NameArray:0,Win,1,Copyright Klim Type Foundry
NameArray:0,Win,16,Tiempos Text
%EndFont

%BeginFont
Handler:DirectoryHandler
FontType:Invalid
OutlineFileName:C:\Users\Lenovo\Desktop\Cuervo\Experiencias\Licor 43\Font\TiemposText-Regular.woff
FileModTime:1680140173
%EndFont

%BeginFont
Handler:DirectoryHandler
FontType:Invalid
OutlineFileName:C:\Users\Lenovo\Desktop\Cuervo\Experiencias\Licor 43\Font\TiemposText-Regular.woff2
FileModTime:1680140173
%EndFont

%BeginFont
Handler:DirectoryHandler
FontType:Invalid
OutlineFileName:C:\Users\Lenovo\Desktop\Cuervo\Experiencias\Licor 43\Font\a71d6c25f3ffa983-subsetofHistoryPro-Two.eot
FileModTime:1680140173
%EndFont

%BeginFont
Handler:DirectoryHandler
FontType:TrueType
FontName:a71d6c25f3ffa983-subsetofHistoryPro-Two
FamilyName:History Pro
StyleName:02
FullName:a71d6c25f3ffa983 - subset of History Pro 02
MenuName:a71d6c25f3ffa983 - subset of History Pro 02
StyleBits:0
WritingScript:Roman
OutlineFileName:C:\Users\Lenovo\Desktop\Cuervo\Experiencias\Licor 43\Font\a71d6c25f3ffa983-subsetofHistoryPro-Two.ttf
DataFormat:sfntData
hasSVG:no
VariableFontType:NonVariableFont
FileLength:82184
FileModTime:1680140173
WeightClass:400
WidthClass:5
AngleClass:0
NameArray:0,Mac,18,History Pro 02
NameArray:0,Mac,4,a71d6c25f3ffa983 - subset of History Pro 02
NameArray:0,Win,1,a71d6c25f3ffa983 - subset of History Pro 02
NameArray:0,Win,16,History Pro
%EndFont

%BeginFont
Handler:DirectoryHandler
FontType:Invalid
OutlineFileName:C:\Users\Lenovo\Desktop\Cuervo\Experiencias\Licor 43\Font\a71d6c25f3ffa983-subsetofHistoryPro-Two.woff
FileModTime:1680140173
%EndFont

%BeginFont
Handler:DirectoryHandler
FontType:Invalid
OutlineFileName:C:\Users\Lenovo\Desktop\Cuervo\Experiencias\Licor 43\Font\a71d6c25f3ffa983-subsetofHistoryPro-Two.woff2
FileModTime:1680140173
%EndFont

