%!Adobe-FontList 1.23
%Locale:0x80a

%BeginFont
Handler:DirectoryHandler
FontType:Invalid
OutlineFileName:C:\Users\Lenovo\Desktop\Cuervo\Experiencias\Bushmills\Font\Cinzel-Regular.eot
FileModTime:1677865152
%EndFont

%BeginFont
Handler:DirectoryHandler
FontType:TrueType
FontName:Cinzel-Regular
FamilyName:Cinzel
StyleName:Regular
FullName:Cinzel Regular
MenuName:Cinzel
StyleBits:0
WritingScript:Roman
OutlineFileName:C:\Users\Lenovo\Desktop\Cuervo\Experiencias\Bushmills\Font\Cinzel-Regular.ttf
DataFormat:sfntData
hasSVG:no
VariableFontType:NonVariableFont
FileLength:78548
FileModTime:1677865152
WeightClass:400
WidthClass:5
AngleClass:0
NameArray:0,Mac,4,Cinzel Regular
NameArray:0,Win,1,Cinzel
%EndFont

%BeginFont
Handler:DirectoryHandler
FontType:Invalid
OutlineFileName:C:\Users\Lenovo\Desktop\Cuervo\Experiencias\Bushmills\Font\Cinzel-Regular.woff
FileModTime:1677865152
%EndFont

%BeginFont
Handler:DirectoryHandler
FontType:Invalid
OutlineFileName:C:\Users\Lenovo\Desktop\Cuervo\Experiencias\Bushmills\Font\Cinzel-Regular.woff2
FileModTime:1677865152
%EndFont

%BeginFont
Handler:DirectoryHandler
FontType:Invalid
OutlineFileName:C:\Users\Lenovo\Desktop\Cuervo\Experiencias\Bushmills\Font\Superclarendon-Bold.eot
FileModTime:1677865152
%EndFont

%BeginFont
Handler:DirectoryHandler
FontType:TrueType
FontName:Superclarendon-Bold
FamilyName:Superclarendon
StyleName:Bold
FullName:Superclarendon Bold
MenuName:Superclarendon
StyleBits:2
WritingScript:Roman
OutlineFileName:C:\Users\Lenovo\Desktop\Cuervo\Experiencias\Bushmills\Font\Superclarendon-Bold.ttf
DataFormat:sfntData
hasSVG:no
VariableFontType:NonVariableFont
FileLength:382100
FileModTime:1677865152
WeightClass:700
WidthClass:5
AngleClass:0
NameArray:0,Mac,4,Superclarendon Bold
NameArray:0,Win,1,Superclarendon
%EndFont

%BeginFont
Handler:DirectoryHandler
FontType:Invalid
OutlineFileName:C:\Users\Lenovo\Desktop\Cuervo\Experiencias\Bushmills\Font\Superclarendon-Bold.woff
FileModTime:1677865152
%EndFont

%BeginFont
Handler:DirectoryHandler
FontType:Invalid
OutlineFileName:C:\Users\Lenovo\Desktop\Cuervo\Experiencias\Bushmills\Font\Superclarendon-Bold.woff2
FileModTime:1677865153
%EndFont

%BeginFont
Handler:DirectoryHandler
FontType:Invalid
OutlineFileName:C:\Users\Lenovo\Desktop\Cuervo\Experiencias\Bushmills\Font\SuperclarendonLt.eot
FileModTime:1677865153
%EndFont

%BeginFont
Handler:DirectoryHandler
FontType:TrueType
FontName:SuperclarendonLt
FamilyName:Superclarendon
StyleName:Light
FullName:Superclarendon Lt
MenuName:Superclarendon Lt
StyleBits:0
WritingScript:Roman
OutlineFileName:C:\Users\Lenovo\Desktop\Cuervo\Experiencias\Bushmills\Font\SuperclarendonLt.ttf
DataFormat:sfntData
hasSVG:no
VariableFontType:NonVariableFont
FileLength:57996
FileModTime:1677865153
WeightClass:300
WidthClass:5
AngleClass:0
NameArray:0,Mac,4,Superclarendon Lt
NameArray:0,Win,1,Superclarendon Lt
NameArray:0,Win,16,Superclarendon
%EndFont

%BeginFont
Handler:DirectoryHandler
FontType:Invalid
OutlineFileName:C:\Users\Lenovo\Desktop\Cuervo\Experiencias\Bushmills\Font\SuperclarendonLt.woff
FileModTime:1677865153
%EndFont

%BeginFont
Handler:DirectoryHandler
FontType:Invalid
OutlineFileName:C:\Users\Lenovo\Desktop\Cuervo\Experiencias\Bushmills\Font\SuperclarendonLt.woff2
FileModTime:1677865153
%EndFont

